El reciente caso de comunicaci├│n en Jueves Santo nos recuerda que las instituciones deben manejar el lenguaje con precisi├│n milim├®trica.

ÔÇó La elecci├│n de palabras construye credibilidad: cada mensaje refleja valores y seriedad institucional
ÔÇó Los errores en fechas o tradiciones pueden percibirse como falta de rigor o preparaci├│n
ÔÇó La formaci├│n en comunicaci├│n estrat├®gica previene crisis de reputaci├│n evitable

En un mundo hiperconectado, la excelencia comunicativa ya no es opcional: es requisito b├ísico para cualquier organizaci├│n que valore su imagen p├║blica.

┬┐Su instituci├│n est├í preparada para comunicar con precisi├│n?

#Comunicaci├│nInstitucional #Gesti├│nDeCrisis #Formaci├│nEjecutiva #Reputaci├│nCorporativa #EstrategiaDigital
